 _________________________________________
/ Legi, Patres colendissimi, in Arabum mo \
| numentis, interrogatum Abdalam 1 Sarrac |
| enum, quid in hac quasi mundana scaena  |
| admirandum maxime spectaretur, nihil sp |
\ ectari homine admirabilius respondisse. /
 -----------------------------------------
        \   ^__^
         \  (oo)\_______
            (__)\       )\/\
                ||----w |
                ||     ||
